ahdlcmicompile: Compiling ahdlcmi in ./ti_dynamic_spectrum.ahdlSimDB//92c66288d40eaf1666d9dce559c7c055.configurable_adc.ahdlcmi/Linux-64/ for Linux-64 with optimize using gcc on Thu Jun  4 13:39:42 CST 2026 [5.0]
ahdlcmicompile: Generating makefile
PATH:  /eda/cadence/SPECTRE241/bin:/eda/cadence/SPECTRE241/tools/bin/64bit:/eda/cadence/SPECTRE241/tools/bin:/eda/cadence/PVS241/tools/bin:/eda/cadence/SPECTRE241/tools/spectre/bin:/eda/cadence/IC231/tools/bin:/eda/cadence/IC231/tools/dfII/bin:/eda/calibre2020/aoj_cal_2020.4_34.17/bin:/home/yongfu/.local/bin:/home/yongfu/bin:/usr/local/balsa/bin:/usr/share/Modules/bin:/usr/local/cuda/bin:/usr/local/bin:/usr/bin:/usr/local/sbin:/usr/sbin:/bin
LD_LIBRARY_PATH:  /eda/cadence/SPECTRE241/tools/TPtools/libstdc++6/lib/64bit:/eda/cadence/SPECTRE241/tools/TPtools/cuda/lib64:/eda/cadence/SPECTRE241/tools/giganta/lib/64bit:/eda/cadence/SPECTRE241/tools/mdl/lib/64bit:/eda/cadence/SPECTRE241/tools/mmsim/lib/64bit:/eda/cadence/SPECTRE241/tools/hdf/lib/64bit:/eda/cadence/SPECTRE241/tools/python/64bit/lib:/eda/cadence/SPECTRE241/tools/inca/lib/64bit:/eda/cadence/SPECTRE241/tools/awrmwo/lib/64bit:/eda/cadence/SPECTRE241/tools/spectre/lib/64bit:/eda/cadence/SPECTRE241/tools/dfII/lib/64bit:/eda/cadence/SPECTRE241/tools/TPtools/libstdc++/lib64:/eda/cadence/SPECTRE241/tools/TPtools/zlib/lib64:/eda/cadence/SPECTRE241/tools/TPtools/abseil/lib64:/eda/cadence/SPECTRE241/tools/TPtools/grpc/lib64:/eda/cadence/SPECTRE241/tools/TPtools/protobuf/lib64:/eda/cadence/SPECTRE241/tools/TPtools/libffi/lib64:/eda/cadence/SPECTRE241/tools/fmc/lib/64bit:/eda/cadence/SPECTRE241/tools/lib/64bit:/eda/cadence/SPECTRE241/tools/lib/64bit:/eda/cadence/SPECTRE241/tools/lib:/eda/cadence/SPECTRE241/tools/lib/64bit/RHEL/RHEL9:/usr/local/balsa/lib:/usr/local/lib
/eda/cadence/SPECTRE241/tools.lnx86/spectre/ahdlcmi/bin/gnumake -j1 -f GNUmakefile
Cleaning ./obj/optimize/5.0
rm -f -rf ./obj/optimize/5.0
Compiling C file configurable_adc_func.c (optimize)
/eda/cadence/SPECTRE241/tools.lnx86/spectre/ahdlcmi/bin/64bit/ahdlcc 0 /eda/cadence/SPECTRE241/tools.lnx86/cdsgcc/gcc/12.3/bin/gcc  -ffast-math  -fno-unsafe-math-optimizations -Wno-error=int-conversion -O3 -m64 -DSYSV -DSVR4 -D_REENTRANT -fPIC   -DconfigSPECTRE -I. -I/eda/cadence/SPECTRE241/tools.lnx86/spectre/ahdlcmi/include -c configurable_adc_func.c -o obj/optimize/5.0/configurable_adc_func.o || rm -f -f obj/optimize/5.0/configurable_adc_func.o
rm -f -rf configurable_adc_func.c
Compiling C file configurable_adc_DcFuncDerLoad.c (optimize)
/eda/cadence/SPECTRE241/tools.lnx86/spectre/ahdlcmi/bin/64bit/ahdlcc 0 /eda/cadence/SPECTRE241/tools.lnx86/cdsgcc/gcc/12.3/bin/gcc  -ffast-math  -fno-unsafe-math-optimizations -Wno-error=int-conversion -O3 -m64 -DSYSV -DSVR4 -D_REENTRANT -fPIC   -DconfigSPECTRE -I. -I/eda/cadence/SPECTRE241/tools.lnx86/spectre/ahdlcmi/include -c configurable_adc_DcFuncDerLoad.c -o obj/optimize/5.0/configurable_adc_DcFuncDerLoad.o || rm -f -f obj/optimize/5.0/configurable_adc_DcFuncDerLoad.o
rm -f -rf configurable_adc_DcFuncDerLoad.c
Compiling C file configurable_adc_DcFuncLoad.c (optimize)
/eda/cadence/SPECTRE241/tools.lnx86/spectre/ahdlcmi/bin/64bit/ahdlcc 0 /eda/cadence/SPECTRE241/tools.lnx86/cdsgcc/gcc/12.3/bin/gcc  -ffast-math  -fno-unsafe-math-optimizations -Wno-error=int-conversion -O3 -m64 -DSYSV -DSVR4 -D_REENTRANT -fPIC   -DconfigSPECTRE -I. -I/eda/cadence/SPECTRE241/tools.lnx86/spectre/ahdlcmi/include -c configurable_adc_DcFuncLoad.c -o obj/optimize/5.0/configurable_adc_DcFuncLoad.o || rm -f -f obj/optimize/5.0/configurable_adc_DcFuncLoad.o
rm -f -rf configurable_adc_DcFuncLoad.c
Compiling C file configurable_adc_TranFuncDerLoad.c (optimize)
/eda/cadence/SPECTRE241/tools.lnx86/spectre/ahdlcmi/bin/64bit/ahdlcc 0 /eda/cadence/SPECTRE241/tools.lnx86/cdsgcc/gcc/12.3/bin/gcc  -ffast-math  -fno-unsafe-math-optimizations -Wno-error=int-conversion -O3 -m64 -DSYSV -DSVR4 -D_REENTRANT -fPIC   -DconfigSPECTRE -I. -I/eda/cadence/SPECTRE241/tools.lnx86/spectre/ahdlcmi/include -c configurable_adc_TranFuncDerLoad.c -o obj/optimize/5.0/configurable_adc_TranFuncDerLoad.o || rm -f -f obj/optimize/5.0/configurable_adc_TranFuncDerLoad.o
rm -f -rf configurable_adc_TranFuncDerLoad.c
Compiling C file configurable_adc_TranFuncLoad.c (optimize)
/eda/cadence/SPECTRE241/tools.lnx86/spectre/ahdlcmi/bin/64bit/ahdlcc 0 /eda/cadence/SPECTRE241/tools.lnx86/cdsgcc/gcc/12.3/bin/gcc  -ffast-math  -fno-unsafe-math-optimizations -Wno-error=int-conversion -O3 -m64 -DSYSV -DSVR4 -D_REENTRANT -fPIC   -DconfigSPECTRE -I. -I/eda/cadence/SPECTRE241/tools.lnx86/spectre/ahdlcmi/include -c configurable_adc_TranFuncLoad.c -o obj/optimize/5.0/configurable_adc_TranFuncLoad.o || rm -f -f obj/optimize/5.0/configurable_adc_TranFuncLoad.o
rm -f -rf configurable_adc_TranFuncLoad.c
Compiling C file configurable_adc_OpPointCalc.c (optimize)
/eda/cadence/SPECTRE241/tools.lnx86/spectre/ahdlcmi/bin/64bit/ahdlcc 0 /eda/cadence/SPECTRE241/tools.lnx86/cdsgcc/gcc/12.3/bin/gcc  -ffast-math  -fno-unsafe-math-optimizations -Wno-error=int-conversion -O3 -m64 -DSYSV -DSVR4 -D_REENTRANT -fPIC   -DconfigSPECTRE -I. -I/eda/cadence/SPECTRE241/tools.lnx86/spectre/ahdlcmi/include -c configurable_adc_OpPointCalc.c -o obj/optimize/5.0/configurable_adc_OpPointCalc.o || rm -f -f obj/optimize/5.0/configurable_adc_OpPointCalc.o
rm -f -rf configurable_adc_OpPointCalc.c
Compiling C file configurable_adc_cmi_c.c (optimize)
/eda/cadence/SPECTRE241/tools.lnx86/spectre/ahdlcmi/bin/64bit/ahdlcc 0 /eda/cadence/SPECTRE241/tools.lnx86/cdsgcc/gcc/12.3/bin/gcc  -ffast-math  -fno-unsafe-math-optimizations -Wno-error=int-conversion -O3 -m64 -DSYSV -DSVR4 -D_REENTRANT -fPIC   -DconfigSPECTRE -I. -I/eda/cadence/SPECTRE241/tools.lnx86/spectre/ahdlcmi/include -I/eda/cadence/SPECTRE241/tools.lnx86/cmi/include -c configurable_adc_cmi_c.c -o obj/optimize/5.0/configurable_adc_cmi_c.o || rm -f -f obj/optimize/5.0/configurable_adc_cmi_c.o
<stdin>: In function 'configurable_adc_pPrintDescription':
<stdin>:1615:3: warning: implicit declaration of function 'msgWrite' [-Wimplicit-function-declaration]
<stdin>:1617:67: warning: implicit declaration of function 'devGetRFinFreqDomain' [-Wimplicit-function-declaration]
<stdin>: In function 'configurable_adc_pGetInstanceParams':
<stdin>:1884:41: warning: implicit declaration of function 'devGetInstKnotStatus'; did you mean 'devGetInstState'? [-Wimplicit-function-declaration]
<stdin>: In function 'configurable_adc_pDC_Load':
<stdin>:2179:41: warning: passing argument 1 of 'aslDevFillZeorDiagonalElemet' makes pointer from integer without a cast [-Wint-conversion]
In file included from <stdin>:24:
/eda/cadence/SPECTRE241/tools.lnx86/spectre/ahdlcmi/include/ahdlDevLibGlobal.h:2884:63: note: expected 'void *' but argument is of type 'long int'
 2884 | ASL_FUNC_DECL_START extern void aslDevFillZeorDiagonalElemet( void *, int, unsigned int, struct ahdlFuncModeParam * );
      |                                                               ^~~~~~
<stdin>: In function 'configurable_adc_pCompare':
<stdin>:2984:3: warning: implicit declaration of function 'spReplaceMatrixPointer'; did you mean 'aslDevLaplaceGetMatrixPointer'? [-Wimplicit-function-declaration]
<stdin>:2988:36: warning: assignment to 'long int' from 'long int *' makes integer from pointer without a cast [-Wint-conversion]
<stdin>:2989:23: warning: passing argument 1 of 'memcpy' makes pointer from integer without a cast [-Wint-conversion]
In file included from /eda/cadence/SPECTRE241/tools.lnx86/spectre/ahdlcmi/include/ahdlPiCmi.h:5,
                 from /eda/cadence/SPECTRE241/tools.lnx86/spectre/ahdlcmi/include/ahdlDevLibGlobal.h:80:
/usr/include/string.h:43:39: note: expected 'void * restrict' but argument is of type 'long int'
   43 | extern void *memcpy (void *__restrict __dest, const void *__restrict __src,
      |                      ~~~~~~~~~~~~~~~~~^~~~~~
<stdin>:2989:57: warning: passing argument 2 of 'memcpy' makes pointer from integer without a cast [-Wint-conversion]
/usr/include/string.h:43:70: note: expected 'const void * restrict' but argument is of type 'long int'
   43 | extern void *memcpy (void *__restrict __dest, const void *__restrict __src,
      |                                               ~~~~~~~~~~~~~~~~~~~~~~~^~~~~
<stdin>:2991:36: warning: assignment to 'long int' from 'void *' makes integer from pointer without a cast [-Wint-conversion]
<stdin>: In function 'configurable_adc_pMapSignals':
<stdin>:3053:26: warning: comparison between pointer and integer
<stdin>: In function 'configurable_adc_pGetMatrixPointers':
<stdin>:3179:33: warning: assignment to 'long int' from 'void *' makes integer from pointer without a cast [-Wint-conversion]
<stdin>: In function 'configurable_adc_pAnalTranLoad':
<stdin>:4124:42: warning: passing argument 1 of 'aslDevFillZeorDiagonalElemet' makes pointer from integer without a cast [-Wint-conversion]
/eda/cadence/SPECTRE241/tools.lnx86/spectre/ahdlcmi/include/ahdlDevLibGlobal.h:2884:63: note: expected 'void *' but argument is of type 'long int'
 2884 | ASL_FUNC_DECL_START extern void aslDevFillZeorDiagonalElemet( void *, int, unsigned int, struct ahdlFuncModeParam * );
      |                                                               ^~~~~~
<stdin>: In function 'configurable_adc_pSaveRestart':
<stdin>:4411:13: warning: implicit declaration of function 'mmsThreshSR' [-Wimplicit-function-declaration]
<stdin>:4418:4: warning: implicit declaration of function 'pklAccessDouble' [-Wimplicit-function-declaration]
<stdin>:4419:30: warning: passing argument 2 of 'aslDevAvarSR' from incompatible pointer type [-Wincompatible-pointer-types]
/eda/cadence/SPECTRE241/tools.lnx86/spectre/ahdlcmi/include/ahdlDevLibGlobal.h:1230:58: note: expected 'struct ahdlAnalogVar *' but argument is of type 'char *'
 1230 | ASL_FUNC_DECL_START extern PklError_e aslDevAvarSR( int, struct ahdlAnalogVar *, char *, char *, char *, PklJar_t * );
      |                                                          ^~~~~~~~~~~~~~~~~~~~~~
<stdin>: In function 'configurable_adc_pSaveRestartInst':
<stdin>:4499:28: warning: passing argument 2 of 'aslDevAvarSR' from incompatible pointer type [-Wincompatible-pointer-types]
/eda/cadence/SPECTRE241/tools.lnx86/spectre/ahdlcmi/include/ahdlDevLibGlobal.h:1230:58: note: expected 'struct ahdlAnalogVar *' but argument is of type 'char *'
 1230 | ASL_FUNC_DECL_START extern PklError_e aslDevAvarSR( int, struct ahdlAnalogVar *, char *, char *, char *, PklJar_t * );
      |                                                          ^~~~~~~~~~~~~~~~~~~~~~
<stdin>: In function 'ahdlconfigurable_adcDescInstall':
<stdin>:4668:2: warning: implicit declaration of function 'descSetModelParamDesc'; did you mean 'descSetInstParamDesc'? [-Wimplicit-function-declaration]
<stdin>:4669:2: warning: implicit declaration of function 'descSetModelParamCount'; did you mean 'descSetInstParamCount'? [-Wimplicit-function-declaration]
<stdin>:4683:2: warning: implicit declaration of function 'descSetDefaultModelParams'; did you mean 'descSetDefaultModel'? [-Wimplicit-function-declaration]
<stdin>:4684:2: warning: implicit declaration of function 'descSetSetModelParams'; did you mean 'descSetSetInstanceParams'? [-Wimplicit-function-declaration]
<stdin>:4685:2: warning: implicit declaration of function 'descSetGetModelParams'; did you mean 'descSetGetInstanceParams'? [-Wimplicit-function-declaration]
<stdin>:4692:2: warning: implicit declaration of function 'descSetDeviceType'; did you mean 'descSetDelete'? [-Wimplicit-function-declaration]
<stdin>:4694:2: warning: implicit declaration of function 'descSetSetContrInfoPtr' [-Wimplicit-function-declaration]
<stdin>:4702:2: warning: implicit declaration of function 'descSetCopySignals'; did you mean 'descSetMapSignals'? [-Wimplicit-function-declaration]
<stdin>:4732:2: warning: implicit declaration of function 'descSetPrintDescription' [-Wimplicit-function-declaration]
<stdin>:4734:2: warning: implicit declaration of function 'descSetVATermInfo'; did you mean 'descSetGetInfo'? [-Wimplicit-function-declaration]
<stdin>:4735:2: warning: implicit declaration of function 'descSetGetNodeNamesForBranch' [-Wimplicit-function-declaration]
<stdin>:4736:2: warning: implicit declaration of function 'descSetGetLinearityFactor' [-Wimplicit-function-declaration]
rm -f -rf configurable_adc_cmi_c.c
/eda/cadence/SPECTRE241/tools.lnx86/cdsgcc/gcc/12.3/bin/gcc -shared -O3 -m64 -fPIC -o obj/optimize/5.0/libahdlcmi_configurable_adc.so ./obj/optimize/5.0/configurable_adc_func.o ./obj/optimize/5.0/configurable_adc_DcFuncDerLoad.o ./obj/optimize/5.0/configurable_adc_DcFuncLoad.o ./obj/optimize/5.0/configurable_adc_TranFuncDerLoad.o ./obj/optimize/5.0/configurable_adc_TranFuncLoad.o ./obj/optimize/5.0/configurable_adc_OpPointCalc.o ./obj/optimize/5.0/configurable_adc_cmi_c.o  -Wl,-rpath,/usr/lib -Wl,-rpath,/lib -lm -s 
rm -f -f ./obj/optimize/5.0/configurable_adc_func.o ./obj/optimize/5.0/configurable_adc_DcFuncDerLoad.o ./obj/optimize/5.0/configurable_adc_DcFuncLoad.o ./obj/optimize/5.0/configurable_adc_TranFuncDerLoad.o ./obj/optimize/5.0/configurable_adc_TranFuncLoad.o ./obj/optimize/5.0/configurable_adc_OpPointCalc.o ./obj/optimize/5.0/configurable_adc_cmi_c.o 
